Archive member included because of file (symbol)

c:/program files (x86)/gnu tools arm embedded/4.8 2014q3/bin/../lib/gcc/arm-none-eabi/4.8.4/armv7-m\libgcc.a(_aeabi_uldivmod.o)
                              ..\obj\lpc17xx_pwm.o (__aeabi_uldivmod)
c:/program files (x86)/gnu tools arm embedded/4.8 2014q3/bin/../lib/gcc/arm-none-eabi/4.8.4/armv7-m\libgcc.a(bpabi.o)
                              c:/program files (x86)/gnu tools arm embedded/4.8 2014q3/bin/../lib/gcc/arm-none-eabi/4.8.4/armv7-m\libgcc.a(_aeabi_uldivmod.o) (__gnu_uldivmod_helper)
c:/program files (x86)/gnu tools arm embedded/4.8 2014q3/bin/../lib/gcc/arm-none-eabi/4.8.4/armv7-m\libgcc.a(_dvmd_tls.o)
                              c:/program files (x86)/gnu tools arm embedded/4.8 2014q3/bin/../lib/gcc/arm-none-eabi/4.8.4/armv7-m\libgcc.a(_aeabi_uldivmod.o) (__aeabi_ldiv0)
c:/program files (x86)/gnu tools arm embedded/4.8 2014q3/bin/../lib/gcc/arm-none-eabi/4.8.4/armv7-m\libgcc.a(_divdi3.o)
                              c:/program files (x86)/gnu tools arm embedded/4.8 2014q3/bin/../lib/gcc/arm-none-eabi/4.8.4/armv7-m\libgcc.a(bpabi.o) (__divdi3)
c:/program files (x86)/gnu tools arm embedded/4.8 2014q3/bin/../lib/gcc/arm-none-eabi/4.8.4/armv7-m\libgcc.a(_udivdi3.o)
                              c:/program files (x86)/gnu tools arm embedded/4.8 2014q3/bin/../lib/gcc/arm-none-eabi/4.8.4/armv7-m\libgcc.a(bpabi.o) (__udivdi3)

Allocating common symbols
Common symbol       size              file

lcd_data            0x10              ..\obj\lc798x.o
adcBuf              0xa               ..\obj\main.o
rxBuf               0x10              ..\obj\main.o
fz                  0x1               ..\obj\main.o
PWMCfgDat           0x8               ..\obj\main.o
PinCfg              0x5               ..\obj\main.o
PWMMatchCfgDat      0x4               ..\obj\main.o

Discarded input sections

 .text          0x00000000        0x0 ..\obj\lpc17xx_clkpwr.o
 .data          0x00000000        0x0 ..\obj\lpc17xx_clkpwr.o
 .bss           0x00000000        0x0 ..\obj\lpc17xx_clkpwr.o
 .text.CLKPWR_Sleep
                0x00000000       0x1c ..\obj\lpc17xx_clkpwr.o
 .text.CLKPWR_DeepSleep
                0x00000000       0x24 ..\obj\lpc17xx_clkpwr.o
 .text.CLKPWR_PowerDown
                0x00000000       0x24 ..\obj\lpc17xx_clkpwr.o
 .text.CLKPWR_DeepPowerDown
                0x00000000       0x24 ..\obj\lpc17xx_clkpwr.o
 .text          0x00000000        0x0 ..\obj\system_LPC17xx.o
 .bss           0x00000000        0x0 ..\obj\system_LPC17xx.o
 .text.SystemCoreClockUpdate
                0x00000000      0x164 ..\obj\system_LPC17xx.o
 .text          0x00000000        0x0 ..\obj\lpc17xx_uart.o
 .data          0x00000000        0x0 ..\obj\lpc17xx_uart.o
 .bss           0x00000000        0x0 ..\obj\lpc17xx_uart.o
 .text.UART_DeInit
                0x00000000       0x98 ..\obj\lpc17xx_uart.o
 .text.UART_ConfigStructInit
                0x00000000       0x2c ..\obj\lpc17xx_uart.o
 .text.UART_Receive
                0x00000000       0xb8 ..\obj\lpc17xx_uart.o
 .text.UART_ForceBreak
                0x00000000       0x78 ..\obj\lpc17xx_uart.o
 .text.UART_GetLineStatus
                0x00000000       0x64 ..\obj\lpc17xx_uart.o
 .text.UART_CheckBusy
                0x00000000       0x28 ..\obj\lpc17xx_uart.o
 .text.UART_ABCmd
                0x00000000      0x134 ..\obj\lpc17xx_uart.o
 .text.UART_ABClearIntPending
                0x00000000       0x74 ..\obj\lpc17xx_uart.o
 .text.UART_IrDAInvtInputCmd
                0x00000000       0x78 ..\obj\lpc17xx_uart.o
 .text.UART_IrDACmd
                0x00000000       0x74 ..\obj\lpc17xx_uart.o
 .text.UART_IrDAPulseDivConfig
                0x00000000       0x9c ..\obj\lpc17xx_uart.o
 .text.UART_FullModemForcePinState
                0x00000000       0xac ..\obj\lpc17xx_uart.o
 .text.UART_FullModemConfigMode
                0x00000000       0xb8 ..\obj\lpc17xx_uart.o
 .text.UART_FullModemGetStatus
                0x00000000       0x30 ..\obj\lpc17xx_uart.o
 .text.UART_RS485Config
                0x00000000      0x184 ..\obj\lpc17xx_uart.o
 .text.UART_RS485ReceiverCmd
                0x00000000       0x48 ..\obj\lpc17xx_uart.o
 .text.UART_RS485Send
                0x00000000       0x7c ..\obj\lpc17xx_uart.o
 .text.UART_RS485SendSlvAddr
                0x00000000       0x20 ..\obj\lpc17xx_uart.o
 .text.UART_RS485SendData
                0x00000000       0x24 ..\obj\lpc17xx_uart.o
 .text          0x00000000        0x0 ..\obj\main.o
 .text.Init_System
                0x00000000       0x1c ..\obj\main.o
 .text          0x00000000        0x0 ..\obj\printf.o
 .bss           0x00000000        0x0 ..\obj\printf.o
 .text.snprintf
                0x00000000       0x30 ..\obj\printf.o
 .text.fprintf  0x00000000       0x2c ..\obj\printf.o
 .text.sprintf  0x00000000       0x2c ..\obj\printf.o
 .text.puts     0x00000000       0x24 ..\obj\printf.o
 .text          0x00000000        0x0 ..\obj\lpc17xx_gpio.o
 .data          0x00000000        0x0 ..\obj\lpc17xx_gpio.o
 .bss           0x00000000        0x0 ..\obj\lpc17xx_gpio.o
 .text.GPIO_GetPointer
                0x00000000       0x74 ..\obj\lpc17xx_gpio.o
 .text.FIO_HalfWordGetPointer
                0x00000000       0x74 ..\obj\lpc17xx_gpio.o
 .text.FIO_ByteGetPointer
                0x00000000       0x74 ..\obj\lpc17xx_gpio.o
 .text.GPIO_SetDir
                0x00000000       0x48 ..\obj\lpc17xx_gpio.o
 .text.GPIO_SetValue
                0x00000000       0x28 ..\obj\lpc17xx_gpio.o
 .text.GPIO_ClearValue
                0x00000000       0x28 ..\obj\lpc17xx_gpio.o
 .text.GPIO_ReadValue
                0x00000000       0x2c ..\obj\lpc17xx_gpio.o
 .text.GPIO_IntCmd
                0x00000000       0x70 ..\obj\lpc17xx_gpio.o
 .text.GPIO_GetIntStatus
                0x00000000       0xa4 ..\obj\lpc17xx_gpio.o
 .text.GPIO_ClearInt
                0x00000000       0x38 ..\obj\lpc17xx_gpio.o
 .text.FIO_SetDir
                0x00000000       0x24 ..\obj\lpc17xx_gpio.o
 .text.FIO_SetValue
                0x00000000       0x1c ..\obj\lpc17xx_gpio.o
 .text.FIO_ClearValue
                0x00000000       0x1c ..\obj\lpc17xx_gpio.o
 .text.FIO_ReadValue
                0x00000000       0x1c ..\obj\lpc17xx_gpio.o
 .text.FIO_IntCmd
                0x00000000       0x24 ..\obj\lpc17xx_gpio.o
 .text.FIO_GetIntStatus
                0x00000000       0x28 ..\obj\lpc17xx_gpio.o
 .text.FIO_ClearInt
                0x00000000       0x1c ..\obj\lpc17xx_gpio.o
 .text.FIO_SetMask
                0x00000000       0x48 ..\obj\lpc17xx_gpio.o
 .text.FIO_HalfWordSetDir
                0x00000000       0x8c ..\obj\lpc17xx_gpio.o
 .text.FIO_HalfWordSetMask
                0x00000000       0x8c ..\obj\lpc17xx_gpio.o
 .text.FIO_HalfWordSetValue
                0x00000000       0x3c ..\obj\lpc17xx_gpio.o
 .text.FIO_HalfWordClearValue
                0x00000000       0x3c ..\obj\lpc17xx_gpio.o
 .text.FIO_HalfWordReadValue
                0x00000000       0x40 ..\obj\lpc17xx_gpio.o
 .text.FIO_ByteSetDir
                0x00000000       0x68 ..\obj\lpc17xx_gpio.o
 .text.FIO_ByteSetMask
                0x00000000       0x70 ..\obj\lpc17xx_gpio.o
 .text.FIO_ByteSetValue
                0x00000000       0x38 ..\obj\lpc17xx_gpio.o
 .text.FIO_ByteClearValue
                0x00000000       0x38 ..\obj\lpc17xx_gpio.o
 .text.FIO_ByteReadValue
                0x00000000       0x3c ..\obj\lpc17xx_gpio.o
 .debug_info    0x00000000      0xd55 ..\obj\lpc17xx_gpio.o
 .debug_abbrev  0x00000000      0x20a ..\obj\lpc17xx_gpio.o
 .debug_aranges
                0x00000000       0xf8 ..\obj\lpc17xx_gpio.o
 .debug_ranges  0x00000000       0xe8 ..\obj\lpc17xx_gpio.o
 .debug_line    0x00000000      0x53d ..\obj\lpc17xx_gpio.o
 .debug_str     0x00000000      0x611 ..\obj\lpc17xx_gpio.o
 .comment       0x00000000       0x71 ..\obj\lpc17xx_gpio.o
 .ARM.attributes
                0x00000000       0x33 ..\obj\lpc17xx_gpio.o
 .debug_frame   0x00000000      0x378 ..\obj\lpc17xx_gpio.o
 .text          0x00000000        0x0 ..\obj\startup_LPC17xx.o
 .data          0x00000000        0x0 ..\obj\startup_LPC17xx.o
 .bss           0x00000000        0x0 ..\obj\startup_LPC17xx.o
 .text          0x00000000        0x0 ..\obj\lpc17xx_libcfg_default.o
 .data          0x00000000        0x0 ..\obj\lpc17xx_libcfg_default.o
 .bss           0x00000000        0x0 ..\obj\lpc17xx_libcfg_default.o
 .text          0x00000000        0x0 ..\obj\lpc17xx_pinsel.o
 .data          0x00000000        0x0 ..\obj\lpc17xx_pinsel.o
 .bss           0x00000000        0x0 ..\obj\lpc17xx_pinsel.o
 .text.PINSEL_ConfigTraceFunc
                0x00000000       0x40 ..\obj\lpc17xx_pinsel.o
 .text.PINSEL_SetI2C0Pins
                0x00000000       0x38 ..\obj\lpc17xx_pinsel.o
 .text          0x00000000        0x0 ..\obj\syscalls.o
 .data          0x00000000        0x0 ..\obj\syscalls.o
 .bss           0x00000000        0x4 ..\obj\syscalls.o
 .text._sbrk    0x00000000       0x40 ..\obj\syscalls.o
 .text.link     0x00000000       0x1c ..\obj\syscalls.o
 .text._close   0x00000000       0x18 ..\obj\syscalls.o
 .text._fstat   0x00000000       0x20 ..\obj\syscalls.o
 .text._isatty  0x00000000       0x18 ..\obj\syscalls.o
 .text._lseek   0x00000000       0x1c ..\obj\syscalls.o
 .text._read    0x00000000       0x1c ..\obj\syscalls.o
 .text._write   0x00000000       0x1c ..\obj\syscalls.o
 .text.abort    0x00000000        0x8 ..\obj\syscalls.o
 .debug_info    0x00000000      0x3ee ..\obj\syscalls.o
 .debug_abbrev  0x00000000       0xe2 ..\obj\syscalls.o
 .debug_aranges
                0x00000000       0x60 ..\obj\syscalls.o
 .debug_ranges  0x00000000       0x50 ..\obj\syscalls.o
 .debug_line    0x00000000      0x197 ..\obj\syscalls.o
 .debug_str     0x00000000      0x31d ..\obj\syscalls.o
 .comment       0x00000000       0x71 ..\obj\syscalls.o
 .ARM.attributes
                0x00000000       0x33 ..\obj\syscalls.o
 .debug_frame   0x00000000      0x108 ..\obj\syscalls.o
 .text          0x00000000        0x0 ..\obj\lpc17xx_pwm.o
 .data          0x00000000        0x0 ..\obj\lpc17xx_pwm.o
 .bss           0x00000000        0x0 ..\obj\lpc17xx_pwm.o
 .text.PWM_GetIntStatus
                0x00000000       0x80 ..\obj\lpc17xx_pwm.o
 .text.PWM_ClearIntPending
                0x00000000       0x74 ..\obj\lpc17xx_pwm.o
 .text.PWM_ConfigStructInit
                0x00000000       0x58 ..\obj\lpc17xx_pwm.o
 .text.PWM_DeInit
                0x00000000       0x34 ..\obj\lpc17xx_pwm.o
 .text.PWM_ConfigCapture
                0x00000000      0x1a4 ..\obj\lpc17xx_pwm.o
 .text.PWM_GetCaptureValue
                0x00000000       0x60 ..\obj\lpc17xx_pwm.o
 .text          0x00000000        0x0 ..\obj\lc798x.o
 .data          0x00000000        0x0 ..\obj\lc798x.o
 .bss           0x00000000        0x0 ..\obj\lc798x.o
 .text.RD_P1_01489_10_14_15
                0x00000000      0x100 ..\obj\lc798x.o
 .text.lcd_read
                0x00000000       0xac ..\obj\lc798x.o
 .text.lcd_write_pixel
                0x00000000       0x80 ..\obj\lc798x.o
 .text.lcd_line
                0x00000000       0xd0 ..\obj\lc798x.o
 .text.lcd_ellipse
                0x00000000      0x18c ..\obj\lc798x.o
 .data          0x00000000        0x0 c:/program files (x86)/gnu tools arm embedded/4.8 2014q3/bin/../lib/gcc/arm-none-eabi/4.8.4/armv7-m\libgcc.a(_aeabi_uldivmod.o)
 .bss           0x00000000        0x0 c:/program files (x86)/gnu tools arm embedded/4.8 2014q3/bin/../lib/gcc/arm-none-eabi/4.8.4/armv7-m\libgcc.a(_aeabi_uldivmod.o)
 .data          0x00000000        0x0 c:/program files (x86)/gnu tools arm embedded/4.8 2014q3/bin/../lib/gcc/arm-none-eabi/4.8.4/armv7-m\libgcc.a(bpabi.o)
 .bss           0x00000000        0x0 c:/program files (x86)/gnu tools arm embedded/4.8 2014q3/bin/../lib/gcc/arm-none-eabi/4.8.4/armv7-m\libgcc.a(bpabi.o)
 .data          0x00000000        0x0 c:/program files (x86)/gnu tools arm embedded/4.8 2014q3/bin/../lib/gcc/arm-none-eabi/4.8.4/armv7-m\libgcc.a(_dvmd_tls.o)
 .bss           0x00000000        0x0 c:/program files (x86)/gnu tools arm embedded/4.8 2014q3/bin/../lib/gcc/arm-none-eabi/4.8.4/armv7-m\libgcc.a(_dvmd_tls.o)
 .data          0x00000000        0x0 c:/program files (x86)/gnu tools arm embedded/4.8 2014q3/bin/../lib/gcc/arm-none-eabi/4.8.4/armv7-m\libgcc.a(_divdi3.o)
 .bss           0x00000000        0x0 c:/program files (x86)/gnu tools arm embedded/4.8 2014q3/bin/../lib/gcc/arm-none-eabi/4.8.4/armv7-m\libgcc.a(_divdi3.o)
 .ARM.extab     0x00000000        0x0 c:/program files (x86)/gnu tools arm embedded/4.8 2014q3/bin/../lib/gcc/arm-none-eabi/4.8.4/armv7-m\libgcc.a(_divdi3.o)
 .data          0x00000000        0x0 c:/program files (x86)/gnu tools arm embedded/4.8 2014q3/bin/../lib/gcc/arm-none-eabi/4.8.4/armv7-m\libgcc.a(_udivdi3.o)
 .bss           0x00000000        0x0 c:/program files (x86)/gnu tools arm embedded/4.8 2014q3/bin/../lib/gcc/arm-none-eabi/4.8.4/armv7-m\libgcc.a(_udivdi3.o)
 .ARM.extab     0x00000000        0x0 c:/program files (x86)/gnu tools arm embedded/4.8 2014q3/bin/../lib/gcc/arm-none-eabi/4.8.4/armv7-m\libgcc.a(_udivdi3.o)

Memory Configuration

Name             Origin             Length             Attributes
rom              0x00000000         0x00080000         xr
ram              0x10000000         0x00008000         xrw
ram1             0x2007c000         0x00008000         xrw
*default*        0x00000000         0xffffffff

Linker script and memory map

                0x10008000                _eram = 0x10008000

.text           0x00000000     0x3384
 *(.isr_vector)
 .isr_vector    0x00000000       0xcc ..\obj\startup_LPC17xx.o
                0x00000000                g_pfnVectors
 *(.text*)
 .text.CLKPWR_SetPCLKDiv
                0x000000cc       0x8c ..\obj\lpc17xx_clkpwr.o
                0x000000cc                CLKPWR_SetPCLKDiv
 .text.CLKPWR_GetPCLKSEL
                0x00000158       0x4c ..\obj\lpc17xx_clkpwr.o
                0x00000158                CLKPWR_GetPCLKSEL
 .text.CLKPWR_GetPCLK
                0x000001a4       0x64 ..\obj\lpc17xx_clkpwr.o
                0x000001a4                CLKPWR_GetPCLK
 .text.CLKPWR_ConfigPPWR
                0x00000208       0x58 ..\obj\lpc17xx_clkpwr.o
                0x00000208                CLKPWR_ConfigPPWR
 .text.SystemInit
                0x00000260      0x150 ..\obj\system_LPC17xx.o
                0x00000260                SystemInit
 .text.uart_set_divisors
                0x000003b0      0x214 ..\obj\lpc17xx_uart.o
 .text.UART_Init
                0x000005c4      0x2e4 ..\obj\lpc17xx_uart.o
                0x000005c4                UART_Init
 .text.UART_SendByte
                0x000008a8       0x68 ..\obj\lpc17xx_uart.o
                0x000008a8                UART_SendByte
 .text.UART_ReceiveByte
                0x00000910       0x64 ..\obj\lpc17xx_uart.o
                0x00000910                UART_ReceiveByte
 .text.UART_Send
                0x00000974       0xe8 ..\obj\lpc17xx_uart.o
                0x00000974                UART_Send
 .text.UART_IntConfig
                0x00000a5c      0x184 ..\obj\lpc17xx_uart.o
                0x00000a5c                UART_IntConfig
 .text.UART_GetIntId
                0x00000be0       0x58 ..\obj\lpc17xx_uart.o
                0x00000be0                UART_GetIntId
 .text.UART_FIFOConfig
                0x00000c38      0x158 ..\obj\lpc17xx_uart.o
                0x00000c38                UART_FIFOConfig
 .text.UART_FIFOConfigStructInit
                0x00000d90       0x2c ..\obj\lpc17xx_uart.o
                0x00000d90                UART_FIFOConfigStructInit
 .text.UART_TxCmd
                0x00000dbc       0xc8 ..\obj\lpc17xx_uart.o
                0x00000dbc                UART_TxCmd
 .text.NVIC_EnableIRQ
                0x00000e84       0x30 ..\obj\main.o
 .text.main     0x00000eb4       0xcc ..\obj\main.o
                0x00000eb4                main
 .text.LCD_Init
                0x00000f80       0x28 ..\obj\main.o
                0x00000f80                LCD_Init
 .text.PWM_DualEdge
                0x00000fa8      0x180 ..\obj\main.o
                0x00000fa8                PWM_DualEdge
 .text.UART_Inital
                0x00001128       0x84 ..\obj\main.o
                0x00001128                UART_Inital
 .text.Receive_Automat
                0x000011ac      0x130 ..\obj\main.o
                0x000011ac                Receive_Automat
 .text.UARTPutDec16
                0x000012dc      0x13c ..\obj\main.o
                0x000012dc                UARTPutDec16
 .text.UARTPutChar
                0x00001418       0x24 ..\obj\main.o
                0x00001418                UARTPutChar
 .text.Timer0_DelayMs
                0x0000143c       0x5c ..\obj\main.o
                0x0000143c                Timer0_DelayMs
 .text.UART3_IRQHandler
                0x00001498       0xb4 ..\obj\main.o
                0x00001498                UART3_IRQHandler
 .text.PrintChar
                0x0000154c       0x18 ..\obj\printf.o
                0x0000154c                PrintChar
 .text.PutChar  0x00001564       0x20 ..\obj\printf.o
                0x00001564                PutChar
 .text.PutString
                0x00001584       0x3c ..\obj\printf.o
                0x00001584                PutString
 .text.PutUnsignedInt
                0x000015c0       0xa0 ..\obj\printf.o
                0x000015c0                PutUnsignedInt
 .text.PutSignedInt
                0x00001660       0xfc ..\obj\printf.o
                0x00001660                PutSignedInt
 .text.PutHexa  0x0000175c       0xd4 ..\obj\printf.o
                0x0000175c                PutHexa
 .text.vsnprintf
                0x00001830      0x254 ..\obj\printf.o
                0x00001830                vsnprintf
 .text.vsprintf
                0x00001a84       0x24 ..\obj\printf.o
                0x00001a84                vsprintf
 .text.vfprintf
                0x00001aa8       0x68 ..\obj\printf.o
                0x00001aa8                vfprintf
 .text.vprintf  0x00001b10       0x28 ..\obj\printf.o
                0x00001b10                vprintf
 .text.printf   0x00001b38       0x28 ..\obj\printf.o
                0x00001b38                printf
 .text.fputc    0x00001b60       0x40 ..\obj\printf.o
                0x00001b60                fputc
 .text.fputs    0x00001ba0       0x48 ..\obj\printf.o
                0x00001ba0                fputs
 .text.Default_Reset_Handler
                0x00001be8       0x60 ..\obj\startup_LPC17xx.o
                0x00001be8                Default_Reset_Handler
                0x00001be8                Reset_Handler
 .text.Default_Handler
                0x00001c48        0x8 ..\obj\startup_LPC17xx.o
                0x00001c48                TIMER2_IRQHandler
                0x00001c48                DebugMon_Handler
                0x00001c48                RIT_IRQHandler
                0x00001c48                I2C0_IRQHandler
                0x00001c48                HardFault_Handler
                0x00001c48                SysTick_Handler
                0x00001c48                USBActivity_IRQHandler
                0x00001c48                PWM1_IRQHandler
                0x00001c48                PendSV_Handler
                0x00001c48                NMI_Handler
                0x00001c48                I2C1_IRQHandler
                0x00001c48                EINT2_IRQHandler
                0x00001c48                UART1_IRQHandler
                0x00001c48                EINT3_IRQHandler
                0x00001c48                CANActivity_IRQHandler
                0x00001c48                TIMER3_IRQHandler
                0x00001c48                UART0_IRQHandler
                0x00001c48                UsageFault_Handler
                0x00001c48                PLL0_IRQHandler
                0x00001c48                CAN_IRQHandler
                0x00001c48                PLL1_IRQHandler
                0x00001c48                SSP0_IRQHandler
                0x00001c48                I2S_IRQHandler
                0x00001c48                I2C2_IRQHandler
                0x00001c48                RTC_IRQHandler
                0x00001c48                TIMER0_IRQHandler
                0x00001c48                SPI_IRQHandler
                0x00001c48                EINT1_IRQHandler
                0x00001c48                TIMER1_IRQHandler
                0x00001c48                UART2_IRQHandler
                0x00001c48                ADC_IRQHandler
                0x00001c48                SSP1_IRQHandler
                0x00001c48                USB_IRQHandler
                0x00001c48                BOD_IRQHandler
                0x00001c48                MemManage_Handler
                0x00001c48                WDT_IRQHandler
                0x00001c48                SVC_Handler
                0x00001c48                QEI_IRQHandler
                0x00001c48                EINT0_IRQHandler
                0x00001c48                DMA_IRQHandler
                0x00001c48                BusFault_Handler
                0x00001c48                MCPWM_IRQHandler
                0x00001c48                ENET_IRQHandler
 .text.check_failed
                0x00001c50        0xc ..\obj\lpc17xx_libcfg_default.o
                0x00001c50                check_failed
 .text.set_PinFunc
                0x00001c5c       0x84 ..\obj\lpc17xx_pinsel.o
 .text.set_ResistorMode
                0x00001ce0       0x84 ..\obj\lpc17xx_pinsel.o
 .text.set_OpenDrainMode
                0x00001d64       0x6c ..\obj\lpc17xx_pinsel.o
 .text.PINSEL_ConfigPin
                0x00001dd0       0x50 ..\obj\lpc17xx_pinsel.o
                0x00001dd0                PINSEL_ConfigPin
 .text.PWM_Init
                0x00001e20      0x168 ..\obj\lpc17xx_pwm.o
                0x00001e20                PWM_Init
 .text.PWM_Cmd  0x00001f88       0x60 ..\obj\lpc17xx_pwm.o
                0x00001f88                PWM_Cmd
 .text.PWM_CounterCmd
                0x00001fe8       0x64 ..\obj\lpc17xx_pwm.o
                0x00001fe8                PWM_CounterCmd
 .text.PWM_ResetCounter
                0x0000204c       0x40 ..\obj\lpc17xx_pwm.o
                0x0000204c                PWM_ResetCounter
 .text.PWM_ConfigMatch
                0x0000208c      0x19c ..\obj\lpc17xx_pwm.o
                0x0000208c                PWM_ConfigMatch
 .text.PWM_MatchUpdate
                0x00002228       0xf0 ..\obj\lpc17xx_pwm.o
                0x00002228                PWM_MatchUpdate
 .text.PWM_ChannelConfig
                0x00002318       0xb0 ..\obj\lpc17xx_pwm.o
                0x00002318                PWM_ChannelConfig
 .text.PWM_ChannelCmd
                0x000023c8       0x9c ..\obj\lpc17xx_pwm.o
                0x000023c8                PWM_ChannelCmd
 .text.WR_P1_01489_10_14_15
                0x00002464       0xec ..\obj\lc798x.o
                0x00002464                WR_P1_01489_10_14_15
 .text.DIR_P1_01489_10_14_15
                0x00002550      0x138 ..\obj\lc798x.o
                0x00002550                DIR_P1_01489_10_14_15
 .text.lcd_init_interface
                0x00002688       0x40 ..\obj\lc798x.o
                0x00002688                lcd_init_interface
 .text.lcd_write
                0x000026c8       0xd0 ..\obj\lc798x.o
                0x000026c8                lcd_write
 .text.lc798x_register
                0x00002798       0x28 ..\obj\lc798x.o
                0x00002798                lc798x_register
 .text.lc798x_wait_for_ready
                0x000027c0       0xd0 ..\obj\lc798x.o
                0x000027c0                lc798x_wait_for_ready
 .text.lcd_set_system
                0x00002890      0x14c ..\obj\lc798x.o
                0x00002890                lcd_set_system
 .text.lcd_set_layout
                0x000029dc       0x2c ..\obj\lc798x.o
                0x000029dc                lcd_set_layout
 .text.lcd_set_cursor
                0x00002a08       0x60 ..\obj\lc798x.o
                0x00002a08                lcd_set_cursor
 .text.lcd_newline
                0x00002a68       0x94 ..\obj\lc798x.o
                0x00002a68                lcd_newline
 .text.lcd_putchar
                0x00002afc       0x7c ..\obj\lc798x.o
                0x00002afc                lcd_putchar
 .text.lcd_clear_screen
                0x00002b78       0x74 ..\obj\lc798x.o
                0x00002b78                lcd_clear_screen
 .text.lcd_set_cursor_mode
                0x00002bec       0x8c ..\obj\lc798x.o
                0x00002bec                lcd_set_cursor_mode
 .text.lcd_control
                0x00002c78       0x44 ..\obj\lc798x.o
                0x00002c78                lcd_control
 .text          0x00002cbc       0x2c c:/program files (x86)/gnu tools arm embedded/4.8 2014q3/bin/../lib/gcc/arm-none-eabi/4.8.4/armv7-m\libgcc.a(_aeabi_uldivmod.o)
                0x00002cbc                __aeabi_uldivmod
 .text          0x00002ce8       0x60 c:/program files (x86)/gnu tools arm embedded/4.8 2014q3/bin/../lib/gcc/arm-none-eabi/4.8.4/armv7-m\libgcc.a(bpabi.o)
                0x00002ce8                __gnu_ldivmod_helper
                0x00002d18                __gnu_uldivmod_helper
 .text          0x00002d48        0x4 c:/program files (x86)/gnu tools arm embedded/4.8 2014q3/bin/../lib/gcc/arm-none-eabi/4.8.4/armv7-m\libgcc.a(_dvmd_tls.o)
                0x00002d48                __aeabi_idiv0
                0x00002d48                __aeabi_ldiv0
 .text          0x00002d4c      0x2a0 c:/program files (x86)/gnu tools arm embedded/4.8 2014q3/bin/../lib/gcc/arm-none-eabi/4.8.4/armv7-m\libgcc.a(_divdi3.o)
                0x00002d4c                __divdi3
 .text          0x00002fec      0x290 c:/program files (x86)/gnu tools arm embedded/4.8 2014q3/bin/../lib/gcc/arm-none-eabi/4.8.4/armv7-m\libgcc.a(_udivdi3.o)
                0x00002fec                __udivdi3
 *(.init)
 *(.fini)
 *crtbegin.o(.ctors)
 *crtbegin?.o(.ctors)
 *(EXCLUDE_FILE(*crtend.o *crtend?.o) .ctors)
 *(SORT(.ctors.*))
 *(.ctors)
 *crtbegin.o(.dtors)
 *crtbegin?.o(.dtors)
 *(EXCLUDE_FILE(*crtend.o *crtend?.o) .dtors)
 *(SORT(.dtors.*))
 *(.dtors)
 *(.rodata*)
 .rodata        0x0000327c       0x6c ..\obj\lpc17xx_uart.o
 .rodata        0x000032e8       0x10 ..\obj\main.o
 .rodata        0x000032f8       0x24 ..\obj\printf.o
 .rodata        0x0000331c       0x68 ..\obj\lpc17xx_pwm.o
 *(.eh_fram e*)

.glue_7         0x00003384        0x0
 .glue_7        0x00000000        0x0 linker stubs

.glue_7t        0x00003384        0x0
 .glue_7t       0x00000000        0x0 linker stubs

.vfp11_veneer   0x00003384        0x0
 .vfp11_veneer  0x00000000        0x0 linker stubs

.v4_bx          0x00003384        0x0
 .v4_bx         0x00000000        0x0 linker stubs

.iplt           0x00003384        0x0
 .iplt          0x00000000        0x0 ..\obj\lpc17xx_clkpwr.o

.ARM.extab
 *(.ARM.extab* .gnu.linkonce.armextab.*)
                0x00003384                __exidx_start = .

.ARM.exidx      0x00003384        0x8
 *(.ARM.exidx* .gnu.linkonce.armexidx.*)
 .ARM.exidx     0x00003384        0x8 c:/program files (x86)/gnu tools arm embedded/4.8 2014q3/bin/../lib/gcc/arm-none-eabi/4.8.4/armv7-m\libgcc.a(_divdi3.o)
 .ARM.exidx     0x0000338c        0x0 c:/program files (x86)/gnu tools arm embedded/4.8 2014q3/bin/../lib/gcc/arm-none-eabi/4.8.4/armv7-m\libgcc.a(_udivdi3.o)
                                  0x8 (size before relaxing)
                0x0000338c                __exidx_end = .
                0x0000338c                __etext = .
                0x0000338c                _sidata = __etext

.rel.dyn        0x0000338c        0x0
 .rel.iplt      0x00000000        0x0 ..\obj\lpc17xx_clkpwr.o

.data           0x10000000      0x440 load address 0x0000338c
                0x10000000                __data_start__ = .
                0x10000000                _sdata = __data_start__
 *(vtable)
 *(.data*)
 .data          0x10000000        0x4 ..\obj\system_LPC17xx.o
                0x10000000                SystemCoreClock
 .data          0x10000004        0x8 ..\obj\main.o
                0x10000004                Position
                0x10000008                az
 *fill*         0x1000000c        0x4 
 .data          0x10000010      0x430 ..\obj\printf.o
                0x10000010                r
                0x10000438                _impure_ptr
                0x10000440                . = ALIGN (0x4)
                0x10000440                PROVIDE (__preinit_array_start, .)
 *(.preinit_array)
                0x10000440                PROVIDE (__preinit_array_end, .)
                0x10000440                . = ALIGN (0x4)
                0x10000440                PROVIDE (__init_array_start, .)
 *(SORT(.init_array.*))
 *(.init_array)
                0x10000440                PROVIDE (__init_array_end, .)
                0x10000440                . = ALIGN (0x4)
                0x10000440                PROVIDE (__fini_array_start, .)
 *(SORT(.fini_array.*))
 *(.fini_array)
                0x10000440                PROVIDE (__fini_array_end, .)
 *(.jcr*)
                0x10000440                . = ALIGN (0x4)
                0x10000440                __data_end__ = .
                0x10000440                _edata = __data_end__

.igot.plt       0x10000440        0x0 load address 0x000037cc
 .igot.plt      0x00000000        0x0 ..\obj\lpc17xx_clkpwr.o

.bss            0x10000440       0x5c load address 0x000037cc
                0x10000440                . = ALIGN (0x4)
                0x10000440                __bss_start__ = .
                0x10000440                _sbss = __bss_start__
 *(.bss*)
 .bss           0x10000440       0x18 ..\obj\main.o
                0x10000440                rxZahler
                0x10000444                rxCnt
                0x10000448                rxFlag
                0x1000044c                PositionArray
 *(COMMON)
 COMMON         0x10000458       0x34 ..\obj\main.o
                0x10000458                adcBuf
                0x10000464                rxBuf
                0x10000474                fz
                0x10000478                PWMCfgDat
                0x10000480                PinCfg
                0x10000488                PWMMatchCfgDat
 COMMON         0x1000048c       0x10 ..\obj\lc798x.o
                0x1000048c                lcd_data
                0x1000049c                . = ALIGN (0x4)
                0x1000049c                __bss_end__ = .
                0x1000049c                _ebss = __bss_end__

.heap           0x1000049c        0x0
                0x1000049c                __end__ = .
                0x1000049c                _end = __end__
                0x1000049c                end = __end__
 *(.heap*)
                0x1000049c                __HeapLimit = .

.co_stack       0x1000049c      0x404 load address 0x00003828
                0x100004a0                . = ALIGN (0x8)
 *fill*         0x1000049c        0x4 
 *(.co_stack .co_stack.*)
 .co_stack      0x100004a0      0x400 ..\obj\startup_LPC17xx.o
                0x100004a0                pulStack
                0x10008000                __StackTop = (ORIGIN (ram) + 0x8000)
                0x10007bfc                __StackLimit = (__StackTop - SIZEOF (.co_stack))
                0x10008000                PROVIDE (__stack, __StackTop)
                0x00000001                ASSERT ((__StackLimit >= __HeapLimit), region ram  overflowed with stack)
LOAD ..\obj\lpc17xx_clkpwr.o
LOAD ..\obj\system_LPC17xx.o
LOAD ..\obj\lpc17xx_uart.o
LOAD ..\obj\main.o
LOAD ..\obj\printf.o
LOAD ..\obj\lpc17xx_gpio.o
LOAD ..\obj\startup_LPC17xx.o
LOAD ..\obj\lpc17xx_libcfg_default.o
LOAD ..\obj\lpc17xx_pinsel.o
LOAD ..\obj\syscalls.o
LOAD ..\obj\lpc17xx_pwm.o
LOAD ..\obj\lc798x.o
START GROUP
LOAD c:/program files (x86)/gnu tools arm embedded/4.8 2014q3/bin/../lib/gcc/arm-none-eabi/4.8.4/armv7-m\libgcc.a
LOAD c:/program files (x86)/gnu tools arm embedded/4.8 2014q3/bin/../lib/gcc/arm-none-eabi/4.8.4/../../../../arm-none-eabi/lib/armv7-m\libg.a
LOAD c:/program files (x86)/gnu tools arm embedded/4.8 2014q3/bin/../lib/gcc/arm-none-eabi/4.8.4/../../../../arm-none-eabi/lib/armv7-m\libc.a
END GROUP
OUTPUT(Microcontroller_Hand.elf elf32-littlearm)

.debug_info     0x00000000     0x50ab
 .debug_info    0x00000000      0x654 ..\obj\lpc17xx_clkpwr.o
 .debug_info    0x00000654      0x4b6 ..\obj\system_LPC17xx.o
 .debug_info    0x00000b0a     0x1070 ..\obj\lpc17xx_uart.o
 .debug_info    0x00001b7a      0xfda ..\obj\main.o
 .debug_info    0x00002b54      0xe45 ..\obj\printf.o
 .debug_info    0x00003999       0xe9 ..\obj\startup_LPC17xx.o
 .debug_info    0x00003a82       0xd3 ..\obj\lpc17xx_libcfg_default.o
 .debug_info    0x00003b55      0x46e ..\obj\lpc17xx_pinsel.o
 .debug_info    0x00003fc3      0x7c2 ..\obj\lpc17xx_pwm.o
 .debug_info    0x00004785      0x926 ..\obj\lc798x.o

.debug_abbrev   0x00000000      0xf85
 .debug_abbrev  0x00000000      0x1c5 ..\obj\lpc17xx_clkpwr.o
 .debug_abbrev  0x000001c5      0x101 ..\obj\system_LPC17xx.o
 .debug_abbrev  0x000002c6      0x20c ..\obj\lpc17xx_uart.o
 .debug_abbrev  0x000004d2      0x299 ..\obj\main.o
 .debug_abbrev  0x0000076b      0x28f ..\obj\printf.o
 .debug_abbrev  0x000009fa       0xa7 ..\obj\startup_LPC17xx.o
 .debug_abbrev  0x00000aa1       0x67 ..\obj\lpc17xx_libcfg_default.o
 .debug_abbrev  0x00000b08      0x13c ..\obj\lpc17xx_pinsel.o
 .debug_abbrev  0x00000c44      0x18f ..\obj\lpc17xx_pwm.o
 .debug_abbrev  0x00000dd3      0x1b2 ..\obj\lc798x.o

.debug_aranges  0x00000000      0x458
 .debug_aranges
                0x00000000       0x58 ..\obj\lpc17xx_clkpwr.o
 .debug_aranges
                0x00000058       0x28 ..\obj\system_LPC17xx.o
 .debug_aranges
                0x00000080      0x100 ..\obj\lpc17xx_uart.o
 .debug_aranges
                0x00000180       0x70 ..\obj\main.o
 .debug_aranges
                0x000001f0       0xa0 ..\obj\printf.o
 .debug_aranges
                0x00000290       0x28 ..\obj\startup_LPC17xx.o
 .debug_aranges
                0x000002b8       0x20 ..\obj\lpc17xx_libcfg_default.o
 .debug_aranges
                0x000002d8       0x48 ..\obj\lpc17xx_pinsel.o
 .debug_aranges
                0x00000320       0x88 ..\obj\lpc17xx_pwm.o
 .debug_aranges
                0x000003a8       0xb0 ..\obj\lc798x.o

.debug_ranges   0x00000000      0x3b8
 .debug_ranges  0x00000000       0x48 ..\obj\lpc17xx_clkpwr.o
 .debug_ranges  0x00000048       0x18 ..\obj\system_LPC17xx.o
 .debug_ranges  0x00000060       0xf0 ..\obj\lpc17xx_uart.o
 .debug_ranges  0x00000150       0x60 ..\obj\main.o
 .debug_ranges  0x000001b0       0x90 ..\obj\printf.o
 .debug_ranges  0x00000240       0x18 ..\obj\startup_LPC17xx.o
 .debug_ranges  0x00000258       0x10 ..\obj\lpc17xx_libcfg_default.o
 .debug_ranges  0x00000268       0x38 ..\obj\lpc17xx_pinsel.o
 .debug_ranges  0x000002a0       0x78 ..\obj\lpc17xx_pwm.o
 .debug_ranges  0x00000318       0xa0 ..\obj\lc798x.o

.debug_line     0x00000000     0x25c9
 .debug_line    0x00000000      0x37d ..\obj\lpc17xx_clkpwr.o
 .debug_line    0x0000037d      0x23a ..\obj\system_LPC17xx.o
 .debug_line    0x000005b7      0x7fe ..\obj\lpc17xx_uart.o
 .debug_line    0x00000db5      0x4b9 ..\obj\main.o
 .debug_line    0x0000126e      0x3b8 ..\obj\printf.o
 .debug_line    0x00001626       0xbf ..\obj\startup_LPC17xx.o
 .debug_line    0x000016e5      0x16d ..\obj\lpc17xx_libcfg_default.o
 .debug_line    0x00001852      0x311 ..\obj\lpc17xx_pinsel.o
 .debug_line    0x00001b63      0x55c ..\obj\lpc17xx_pwm.o
 .debug_line    0x000020bf      0x50a ..\obj\lc798x.o

.debug_str      0x00000000     0x2320
 .debug_str     0x00000000      0x3f5 ..\obj\lpc17xx_clkpwr.o
                                0x447 (size before relaxing)
 .debug_str     0x000003f5       0x84 ..\obj\system_LPC17xx.o
                                0x380 (size before relaxing)
 .debug_str     0x00000479      0x9f0 ..\obj\lpc17xx_uart.o
                                0xbf3 (size before relaxing)
 .debug_str     0x00000e69      0x6fe ..\obj\main.o
                                0xb29 (size before relaxing)
 .debug_str     0x00001567      0x4d8 ..\obj\printf.o
                                0x6b8 (size before relaxing)
 .debug_str     0x00001a3f       0xcd ..\obj\startup_LPC17xx.o
                                0x164 (size before relaxing)
 .debug_str     0x00001b0c       0x80 ..\obj\lpc17xx_libcfg_default.o
                                0x1b5 (size before relaxing)
 .debug_str     0x00001b8c      0x255 ..\obj\lpc17xx_pinsel.o
                                0x41a (size before relaxing)
 .debug_str     0x00001de1      0x375 ..\obj\lpc17xx_pwm.o
                                0x65e (size before relaxing)
 .debug_str     0x00002156      0x1ca ..\obj\lc798x.o
                                0x4fa (size before relaxing)

.comment        0x00000000       0x70
 .comment       0x00000000       0x70 ..\obj\lpc17xx_clkpwr.o
                                 0x71 (size before relaxing)
 .comment       0x00000000       0x71 ..\obj\system_LPC17xx.o
 .comment       0x00000000       0x71 ..\obj\lpc17xx_uart.o
 .comment       0x00000000       0x71 ..\obj\main.o
 .comment       0x00000000       0x71 ..\obj\printf.o
 .comment       0x00000000       0x71 ..\obj\startup_LPC17xx.o
 .comment       0x00000000       0x71 ..\obj\lpc17xx_libcfg_default.o
 .comment       0x00000000       0x71 ..\obj\lpc17xx_pinsel.o
 .comment       0x00000000       0x71 ..\obj\lpc17xx_pwm.o
 .comment       0x00000000       0x71 ..\obj\lc798x.o

.ARM.attributes
                0x00000000       0x33
 .ARM.attributes
                0x00000000       0x33 ..\obj\lpc17xx_clkpwr.o
 .ARM.attributes
                0x00000033       0x33 ..\obj\system_LPC17xx.o
 .ARM.attributes
                0x00000066       0x33 ..\obj\lpc17xx_uart.o
 .ARM.attributes
                0x00000099       0x33 ..\obj\main.o
 .ARM.attributes
                0x000000cc       0x33 ..\obj\printf.o
 .ARM.attributes
                0x000000ff       0x33 ..\obj\startup_LPC17xx.o
 .ARM.attributes
                0x00000132       0x33 ..\obj\lpc17xx_libcfg_default.o
 .ARM.attributes
                0x00000165       0x33 ..\obj\lpc17xx_pinsel.o
 .ARM.attributes
                0x00000198       0x33 ..\obj\lpc17xx_pwm.o
 .ARM.attributes
                0x000001cb       0x33 ..\obj\lc798x.o
 .ARM.attributes
                0x000001fe       0x1d c:/program files (x86)/gnu tools arm embedded/4.8 2014q3/bin/../lib/gcc/arm-none-eabi/4.8.4/armv7-m\libgcc.a(_aeabi_uldivmod.o)
 .ARM.attributes
                0x0000021b       0x2d c:/program files (x86)/gnu tools arm embedded/4.8 2014q3/bin/../lib/gcc/arm-none-eabi/4.8.4/armv7-m\libgcc.a(bpabi.o)
 .ARM.attributes
                0x00000248       0x1d c:/program files (x86)/gnu tools arm embedded/4.8 2014q3/bin/../lib/gcc/arm-none-eabi/4.8.4/armv7-m\libgcc.a(_dvmd_tls.o)
 .ARM.attributes
                0x00000265       0x2d c:/program files (x86)/gnu tools arm embedded/4.8 2014q3/bin/../lib/gcc/arm-none-eabi/4.8.4/armv7-m\libgcc.a(_divdi3.o)
 .ARM.attributes
                0x00000292       0x2d c:/program files (x86)/gnu tools arm embedded/4.8 2014q3/bin/../lib/gcc/arm-none-eabi/4.8.4/armv7-m\libgcc.a(_udivdi3.o)

.debug_frame    0x00000000      0xe7c
 .debug_frame   0x00000000       0xe4 ..\obj\lpc17xx_clkpwr.o
 .debug_frame   0x000000e4       0x40 ..\obj\system_LPC17xx.o
 .debug_frame   0x00000124      0x3a0 ..\obj\lpc17xx_uart.o
 .debug_frame   0x000004c4      0x154 ..\obj\main.o
 .debug_frame   0x00000618      0x248 ..\obj\printf.o
 .debug_frame   0x00000860       0x48 ..\obj\startup_LPC17xx.o
 .debug_frame   0x000008a8       0x2c ..\obj\lpc17xx_libcfg_default.o
 .debug_frame   0x000008d4       0xbc ..\obj\lpc17xx_pinsel.o
 .debug_frame   0x00000990      0x1d0 ..\obj\lpc17xx_pwm.o
 .debug_frame   0x00000b60      0x25c ..\obj\lc798x.o
 .debug_frame   0x00000dbc       0x58 c:/program files (x86)/gnu tools arm embedded/4.8 2014q3/bin/../lib/gcc/arm-none-eabi/4.8.4/armv7-m\libgcc.a(bpabi.o)
 .debug_frame   0x00000e14       0x34 c:/program files (x86)/gnu tools arm embedded/4.8 2014q3/bin/../lib/gcc/arm-none-eabi/4.8.4/armv7-m\libgcc.a(_divdi3.o)
 .debug_frame   0x00000e48       0x34 c:/program files (x86)/gnu tools arm embedded/4.8 2014q3/bin/../lib/gcc/arm-none-eabi/4.8.4/armv7-m\libgcc.a(_udivdi3.o)
